[     217ms] [INFO] %cDownload the React DevTools for a better development experience: https://react.dev/link/react-devtools font-weight:bold @ http://localhost:3101/_next/static/chunks/0oo4_next_dist_06o6od4._.js:2477
[     232ms] [LOG] [HMR] connected @ http://localhost:3101/_next/static/chunks/0oo4_next_dist_06o6od4._.js:2477
[  151936ms] [INFO] %cDownload the React DevTools for a better development experience: https://react.dev/link/react-devtools font-weight:bold @ http://localhost:3101/_next/static/chunks/0oo4_next_dist_06o6od4._.js:2477
[  151975ms] [LOG] [HMR] connected @ http://localhost:3101/_next/static/chunks/0oo4_next_dist_06o6od4._.js:2477
[  284512ms] [LOG] [Fast Refresh] rebuilding @ http://localhost:3101/_next/static/chunks/0oo4_next_dist_06o6od4._.js:2477
[  284559ms] [LOG] [Fast Refresh] done in 90ms @ http://localhost:3101/_next/static/chunks/0oo4_next_dist_06o6od4._.js:2477
[  342759ms] [LOG] [Fast Refresh] rebuilding @ http://localhost:3101/_next/static/chunks/0oo4_next_dist_06o6od4._.js:2477
[  342762ms] [LOG] [Fast Refresh] done in 105ms @ http://localhost:3101/_next/static/chunks/0oo4_next_dist_06o6od4._.js:2477
[  357697ms] [LOG] [Fast Refresh] rebuilding @ http://localhost:3101/_next/static/chunks/0oo4_next_dist_06o6od4._.js:2477
[  357755ms] [LOG] [Fast Refresh] done in 47ms @ http://localhost:3101/_next/static/chunks/0oo4_next_dist_06o6od4._.js:2477
[  357809ms] TypeError: Cannot read properties of undefined (reading 'hint')
    at ScatterBeforeAfter (http://localhost:3101/_next/static/chunks/_claude_worktrees_scrollytelling-presentation-plan-82c624_09uk8w1._.js:3517:79)
    at Object.react_stack_bottom_frame (http://localhost:3101/_next/static/chunks/0oo4_next_dist_compiled_react-dom_118opxq._.js:15037:24)
    at renderWithHooks (http://localhost:3101/_next/static/chunks/0oo4_next_dist_compiled_react-dom_118opxq._.js:4620:24)
    at updateFunctionComponent (http://localhost:3101/_next/static/chunks/0oo4_next_dist_compiled_react-dom_118opxq._.js:6081:21)
    at beginWork (http://localhost:3101/_next/static/chunks/0oo4_next_dist_compiled_react-dom_118opxq._.js:6691:24)
    at runWithFiberInDEV (http://localhost:3101/_next/static/chunks/0oo4_next_dist_compiled_react-dom_118opxq._.js:965:74)
    at performUnitOfWork (http://localhost:3101/_next/static/chunks/0oo4_next_dist_compiled_react-dom_118opxq._.js:9555:97)
    at workLoopSync (http://localhost:3101/_next/static/chunks/0oo4_next_dist_compiled_react-dom_118opxq._.js:9449:40)
    at renderRootSync (http://localhost:3101/_next/static/chunks/0oo4_next_dist_compiled_react-dom_118opxq._.js:9433:13)
    at performWorkOnRoot (http://localhost:3101/_next/static/chunks/0oo4_next_dist_compiled_react-dom_118opxq._.js:9061:186)
    at performSyncWorkOnRoot (http://localhost:3101/_next/static/chunks/0oo4_next_dist_compiled_react-dom_118opxq._.js:10263:9)
    at flushSyncWorkAcrossRoots_impl (http://localhost:3101/_next/static/chunks/0oo4_next_dist_compiled_react-dom_118opxq._.js:10179:316)
    at processRootScheduleInMicrotask (http://localhost:3101/_next/static/chunks/0oo4_next_dist_compiled_react-dom_118opxq._.js:10200:106)
    at http://localhost:3101/_next/static/chunks/0oo4_next_dist_compiled_react-dom_118opxq._.js:10274:158
[  370859ms] [LOG] [Fast Refresh] rebuilding @ http://localhost:3101/_next/static/chunks/0oo4_next_dist_06o6od4._.js:2477
[  370872ms] [WARNING] [Fast Refresh] performing full reload because your application had an unrecoverable error @ http://localhost:3101/_next/static/chunks/0oo4_next_dist_06o6od4._.js:2477
[  370951ms] TypeError: Cannot read properties of undefined (reading 'hint')
    at ScatterBeforeAfter (http://localhost:3101/_next/static/chunks/_claude_worktrees_scrollytelling-presentation-plan-82c624_09uk8w1._.js:3517:79)
    at Object.react_stack_bottom_frame (http://localhost:3101/_next/static/chunks/0oo4_next_dist_compiled_react-dom_118opxq._.js:15037:24)
    at renderWithHooks (http://localhost:3101/_next/static/chunks/0oo4_next_dist_compiled_react-dom_118opxq._.js:4620:24)
    at updateFunctionComponent (http://localhost:3101/_next/static/chunks/0oo4_next_dist_compiled_react-dom_118opxq._.js:6081:21)
    at beginWork (http://localhost:3101/_next/static/chunks/0oo4_next_dist_compiled_react-dom_118opxq._.js:6691:24)
    at runWithFiberInDEV (http://localhost:3101/_next/static/chunks/0oo4_next_dist_compiled_react-dom_118opxq._.js:965:74)
    at performUnitOfWork (http://localhost:3101/_next/static/chunks/0oo4_next_dist_compiled_react-dom_118opxq._.js:9555:97)
    at workLoopSync (http://localhost:3101/_next/static/chunks/0oo4_next_dist_compiled_react-dom_118opxq._.js:9449:40)
    at renderRootSync (http://localhost:3101/_next/static/chunks/0oo4_next_dist_compiled_react-dom_118opxq._.js:9433:13)
    at performWorkOnRoot (http://localhost:3101/_next/static/chunks/0oo4_next_dist_compiled_react-dom_118opxq._.js:9098:47)
    at performSyncWorkOnRoot (http://localhost:3101/_next/static/chunks/0oo4_next_dist_compiled_react-dom_118opxq._.js:10263:9)
    at flushSyncWorkAcrossRoots_impl (http://localhost:3101/_next/static/chunks/0oo4_next_dist_compiled_react-dom_118opxq._.js:10179:316)
    at flushSyncWork$1 (http://localhost:3101/_next/static/chunks/0oo4_next_dist_compiled_react-dom_118opxq._.js:9230:86)
    at Object.scheduleRefresh (http://localhost:3101/_next/static/chunks/0oo4_next_dist_compiled_react-dom_118opxq._.js:299:13)
    at http://localhost:3101/_next/static/chunks/0oo4_next_dist_compiled_0v4j6._._.js:391:33
    at Set.forEach (<anonymous>)
    at Object.performReactRefresh (http://localhost:3101/_next/static/chunks/0oo4_next_dist_compiled_0v4j6._._.js:384:38)
    at applyUpdate (http://localhost:3101/_next/static/chunks/0oo4_next_dist_compiled_0v4j6._._.js:878:31)
    at http://localhost:3101/_next/static/chunks/0oo4_next_dist_compiled_0v4j6._._.js:886:13
[  370977ms] [LOG] [Fast Refresh] done in 53ms @ http://localhost:3101/_next/static/chunks/0oo4_next_dist_06o6od4._.js:2477
[  371038ms] [INFO] %cDownload the React DevTools for a better development experience: https://react.dev/link/react-devtools font-weight:bold @ http://localhost:3101/_next/static/chunks/0oo4_next_dist_06o6od4._.js:2477
[  371052ms] [LOG] [HMR] connected @ http://localhost:3101/_next/static/chunks/0oo4_next_dist_06o6od4._.js:2477
[  373961ms] [LOG] [Fast Refresh] rebuilding @ http://localhost:3101/_next/static/chunks/0oo4_next_dist_06o6od4._.js:2477
[  374062ms] [WARNING] [Fast Refresh] performing full reload

Fast Refresh will perform a full reload when you edit a file that's imported by modules outside of the React rendering tree.
You might have a file which exports a React component but also exports a value that is imported by a non-React component file.
Consider migrating the non-React component export to a separate file and importing it into both files.

It is also possible the parent component of the component you edited is a class component, which disables Fast Refresh.
Fast Refresh requires at least one parent function component in your React tree. @ http://localhost:3101/_next/static/chunks/0oo4_next_dist_06o6od4._.js:2477
[  374063ms] [LOG] [Fast Refresh] done in 167ms @ http://localhost:3101/_next/static/chunks/0oo4_next_dist_06o6od4._.js:2477
[  374219ms] [LOG] [Fast Refresh] rebuilding @ http://localhost:3101/_next/static/chunks/0oo4_next_dist_06o6od4._.js:2477
[  374419ms] [LOG] [Fast Refresh] done in 302ms @ http://localhost:3101/_next/static/chunks/0oo4_next_dist_06o6od4._.js:2477
[  374431ms] [ERROR] Failed to load resource: the server responded with a status of 500 (Internal Server Error) @ http://localhost:3101/:0
[  374465ms] [INFO] %cDownload the React DevTools for a better development experience: https://react.dev/link/react-devtools font-weight:bold @ http://localhost:3101/_next/static/chunks/0oo4_next_dist_06o6od4._.js:2477
[  374475ms] [LOG] [HMR] connected @ http://localhost:3101/_next/static/chunks/0oo4_next_dist_06o6od4._.js:2477
[  374510ms] ReferenceError: ScatterBeforeAfter is not defined
    at module evaluation (http://localhost:3101/_next/static/chunks/_claude_worktrees_scrollytelling-presentation-plan-82c624_0jxjj65._.js:3498:29)
    at http://localhost:3101/_next/static/chunks/turbopack-_claude_worktrees_scrollytelling-presentation-plan-82c624_0nj609_._.js:1307:27
    at runModuleExecutionHooks (http://localhost:3101/_next/static/chunks/turbopack-_claude_worktrees_scrollytelling-presentation-plan-82c624_0nj609_._.js:1636:13)
    at instantiateModuleShared (http://localhost:3101/_next/static/chunks/turbopack-_claude_worktrees_scrollytelling-presentation-plan-82c624_0nj609_._.js:1305:9)
    at instantiateModule (http://localhost:3101/_next/static/chunks/turbopack-_claude_worktrees_scrollytelling-presentation-plan-82c624_0nj609_._.js:1621:12)
    at getOrInstantiateModuleFromParent (http://localhost:3101/_next/static/chunks/turbopack-_claude_worktrees_scrollytelling-presentation-plan-82c624_0nj609_._.js:1604:12)
    at DevContext.esmImport [as i] (http://localhost:3101/_next/static/chunks/turbopack-_claude_worktrees_scrollytelling-presentation-plan-82c624_0nj609_._.js:278:20)
    at module evaluation (http://localhost:3101/_next/static/chunks/_claude_worktrees_scrollytelling-presentation-plan-82c624_0jxjj65._.js:3687:234)
    at http://localhost:3101/_next/static/chunks/turbopack-_claude_worktrees_scrollytelling-presentation-plan-82c624_0nj609_._.js:1307:27
    at runModuleExecutionHooks (http://localhost:3101/_next/static/chunks/turbopack-_claude_worktrees_scrollytelling-presentation-plan-82c624_0nj609_._.js:1636:13)
    at instantiateModuleShared (http://localhost:3101/_next/static/chunks/turbopack-_claude_worktrees_scrollytelling-presentation-plan-82c624_0nj609_._.js:1305:9)
    at instantiateModule (http://localhost:3101/_next/static/chunks/turbopack-_claude_worktrees_scrollytelling-presentation-plan-82c624_0nj609_._.js:1621:12)
    at getOrInstantiateModuleFromParent (http://localhost:3101/_next/static/chunks/turbopack-_claude_worktrees_scrollytelling-presentation-plan-82c624_0nj609_._.js:1604:12)
    at DevContext.commonJsRequire [as r] (http://localhost:3101/_next/static/chunks/turbopack-_claude_worktrees_scrollytelling-presentation-plan-82c624_0nj609_._.js:299:12)
    at requireModule (http://localhost:3101/_next/static/chunks/0oo4_next_dist_compiled_react-server-dom-turbopack_0dt_0rt._.js:95:84)
    at initializeModuleChunk (http://localhost:3101/_next/static/chunks/0oo4_next_dist_compiled_react-server-dom-turbopack_0dt_0rt._.js:1110:25)
    at readChunk (http://localhost:3101/_next/static/chunks/0oo4_next_dist_compiled_react-server-dom-turbopack_0dt_0rt._.js:846:17)
    at Object.react_stack_bottom_frame (http://localhost:3101/_next/static/chunks/0oo4_next_dist_compiled_react-dom_118opxq._.js:15101:20)
    at resolveLazy (http://localhost:3101/_next/static/chunks/0oo4_next_dist_compiled_react-dom_118opxq._.js:3866:20)
    at beginWork (http://localhost:3101/_next/static/chunks/0oo4_next_dist_compiled_react-dom_118opxq._.js:6665:77)
    at runWithFiberInDEV (http://localhost:3101/_next/static/chunks/0oo4_next_dist_compiled_react-dom_118opxq._.js:965:74)
    at performUnitOfWork (http://localhost:3101/_next/static/chunks/0oo4_next_dist_compiled_react-dom_118opxq._.js:9555:97)
    at workLoopConcurrentByScheduler (http://localhost:3101/_next/static/chunks/0oo4_next_dist_compiled_react-dom_118opxq._.js:9551:58)
    at renderRootConcurrent (http://localhost:3101/_next/static/chunks/0oo4_next_dist_compiled_react-dom_118opxq._.js:9534:71)
    at performWorkOnRoot (http://localhost:3101/_next/static/chunks/0oo4_next_dist_compiled_react-dom_118opxq._.js:9061:150)
    at performWorkOnRootViaSchedulerTask (http://localhost:3101/_next/static/chunks/0oo4_next_dist_compiled_react-dom_118opxq._.js:10255:9)
    at MessagePort.performWorkUntilDeadline (http://localhost:3101/_next/static/chunks/0oo4_next_dist_compiled_0v4j6._._.js:2647:64)
[  377107ms] [LOG] [Fast Refresh] rebuilding @ http://localhost:3101/_next/static/chunks/0oo4_next_dist_06o6od4._.js:2477
[  377189ms] [LOG] [Fast Refresh] done in 62ms @ http://localhost:3101/_next/static/chunks/0oo4_next_dist_06o6od4._.js:2477
[  374465ms] [INFO] %cDownload the React DevTools for a better development experience: https://react.dev/link/react-devtools font-weight:bold @ http://localhost:3101/_next/static/chunks/0oo4_next_dist_06o6od4._.js:2477
[  374475ms] [LOG] [HMR] connected @ http://localhost:3101/_next/static/chunks/0oo4_next_dist_06o6od4._.js:2477
[  377462ms] ReferenceError: ScatterBeforeAfter is not defined
    at module evaluation (http://localhost:3101/_next/static/chunks/_claude_worktrees_scrollytelling-presentation-plan-82c624_0jxjj65._.js:3498:29)
    at http://localhost:3101/_next/static/chunks/turbopack-_claude_worktrees_scrollytelling-presentation-plan-82c624_0nj609_._.js:1307:27
    at runModuleExecutionHooks (http://localhost:3101/_next/static/chunks/turbopack-_claude_worktrees_scrollytelling-presentation-plan-82c624_0nj609_._.js:1636:13)
    at instantiateModuleShared (http://localhost:3101/_next/static/chunks/turbopack-_claude_worktrees_scrollytelling-presentation-plan-82c624_0nj609_._.js:1305:9)
    at instantiateModule (http://localhost:3101/_next/static/chunks/turbopack-_claude_worktrees_scrollytelling-presentation-plan-82c624_0nj609_._.js:1621:12)
    at getOrInstantiateModuleFromParent (http://localhost:3101/_next/static/chunks/turbopack-_claude_worktrees_scrollytelling-presentation-plan-82c624_0nj609_._.js:1604:12)
    at DevContext.esmImport [as i] (http://localhost:3101/_next/static/chunks/turbopack-_claude_worktrees_scrollytelling-presentation-plan-82c624_0nj609_._.js:278:20)
    at module evaluation (http://localhost:3101/_next/static/chunks/_claude_worktrees_scrollytelling-presentation-plan-82c624_0jxjj65._.js:3687:234)
    at http://localhost:3101/_next/static/chunks/turbopack-_claude_worktrees_scrollytelling-presentation-plan-82c624_0nj609_._.js:1307:27
    at runModuleExecutionHooks (http://localhost:3101/_next/static/chunks/turbopack-_claude_worktrees_scrollytelling-presentation-plan-82c624_0nj609_._.js:1636:13)
    at instantiateModuleShared (http://localhost:3101/_next/static/chunks/turbopack-_claude_worktrees_scrollytelling-presentation-plan-82c624_0nj609_._.js:1305:9)
    at instantiateModule (http://localhost:3101/_next/static/chunks/turbopack-_claude_worktrees_scrollytelling-presentation-plan-82c624_0nj609_._.js:1621:12)
    at getOrInstantiateModuleFromParent (http://localhost:3101/_next/static/chunks/turbopack-_claude_worktrees_scrollytelling-presentation-plan-82c624_0nj609_._.js:1604:12)
    at DevContext.commonJsRequire [as r] (http://localhost:3101/_next/static/chunks/turbopack-_claude_worktrees_scrollytelling-presentation-plan-82c624_0nj609_._.js:299:12)
    at requireModule (http://localhost:3101/_next/static/chunks/0oo4_next_dist_compiled_react-server-dom-turbopack_0dt_0rt._.js:95:84)
    at initializeModuleChunk (http://localhost:3101/_next/static/chunks/0oo4_next_dist_compiled_react-server-dom-turbopack_0dt_0rt._.js:1110:25)
    at readChunk (http://localhost:3101/_next/static/chunks/0oo4_next_dist_compiled_react-server-dom-turbopack_0dt_0rt._.js:846:17)
    at Object.react_stack_bottom_frame (http://localhost:3101/_next/static/chunks/0oo4_next_dist_compiled_react-dom_118opxq._.js:15101:20)
    at resolveLazy (http://localhost:3101/_next/static/chunks/0oo4_next_dist_compiled_react-dom_118opxq._.js:3866:20)
    at beginWork (http://localhost:3101/_next/static/chunks/0oo4_next_dist_compiled_react-dom_118opxq._.js:6665:77)
    at runWithFiberInDEV (http://localhost:3101/_next/static/chunks/0oo4_next_dist_compiled_react-dom_118opxq._.js:965:74)
    at performUnitOfWork (http://localhost:3101/_next/static/chunks/0oo4_next_dist_compiled_react-dom_118opxq._.js:9555:97)
    at workLoopConcurrentByScheduler (http://localhost:3101/_next/static/chunks/0oo4_next_dist_compiled_react-dom_118opxq._.js:9551:58)
    at renderRootConcurrent (http://localhost:3101/_next/static/chunks/0oo4_next_dist_compiled_react-dom_118opxq._.js:9534:71)
    at performWorkOnRoot (http://localhost:3101/_next/static/chunks/0oo4_next_dist_compiled_react-dom_118opxq._.js:9061:150)
    at performWorkOnRootViaSchedulerTask (http://localhost:3101/_next/static/chunks/0oo4_next_dist_compiled_react-dom_118opxq._.js:10255:9)
    at MessagePort.performWorkUntilDeadline (http://localhost:3101/_next/static/chunks/0oo4_next_dist_compiled_0v4j6._._.js:2647:64)
[  377107ms] [LOG] [Fast Refresh] rebuilding @ http://localhost:3101/_next/static/chunks/0oo4_next_dist_06o6od4._.js:2477
[  377189ms] [LOG] [Fast Refresh] done in 62ms @ http://localhost:3101/_next/static/chunks/0oo4_next_dist_06o6od4._.js:2477
[  377387ms] [WARNING] [Fast Refresh] performing full reload

Fast Refresh will perform a full reload when you edit a file that's imported by modules outside of the React rendering tree.
You might have a file which exports a React component but also exports a value that is imported by a non-React component file.
Consider migrating the non-React component export to a separate file and importing it into both files.

It is also possible the parent component of the component you edited is a class component, which disables Fast Refresh.
Fast Refresh requires at least one parent function component in your React tree. @ http://localhost:3101/_next/static/chunks/0oo4_next_dist_06o6od4._.js:2477
[  377395ms] [WARNING] [Fast Refresh] performing full reload because your application had an unrecoverable error @ http://localhost:3101/_next/static/chunks/0oo4_next_dist_06o6od4._.js:2477
[  377554ms] [INFO] %cDownload the React DevTools for a better development experience: https://react.dev/link/react-devtools font-weight:bold @ http://localhost:3101/_next/static/chunks/0oo4_next_dist_06o6od4._.js:2477
[  377565ms] [LOG] [HMR] connected @ http://localhost:3101/_next/static/chunks/0oo4_next_dist_06o6od4._.js:2477
[  502374ms] [LOG] [Fast Refresh] rebuilding @ http://localhost:3101/_next/static/chunks/0oo4_next_dist_06o6od4._.js:2477
[  502444ms] [LOG] [Fast Refresh] done in 61ms @ http://localhost:3101/_next/static/chunks/0oo4_next_dist_06o6od4._.js:2477
[  511864ms] [INFO] %cDownload the React DevTools for a better development experience: https://react.dev/link/react-devtools font-weight:bold @ http://localhost:3101/_next/static/chunks/0oo4_next_dist_06o6od4._.js:2477
[  511923ms] [LOG] [HMR] connected @ http://localhost:3101/_next/static/chunks/0oo4_next_dist_06o6od4._.js:2477
[  605278ms] [LOG] [Fast Refresh] rebuilding @ http://localhost:3101/_next/static/chunks/0oo4_next_dist_06o6od4._.js:2477
[  605369ms] [LOG] [Fast Refresh] done in 75ms @ http://localhost:3101/_next/static/chunks/0oo4_next_dist_06o6od4._.js:2477
[  607964ms] [LOG] [Fast Refresh] rebuilding @ http://localhost:3101/_next/static/chunks/0oo4_next_dist_06o6od4._.js:2477
[  608020ms] [LOG] [Fast Refresh] done in 34ms @ http://localhost:3101/_next/static/chunks/0oo4_next_dist_06o6od4._.js:2477
